// Jest Snapshot v1, https://goo.gl/fbAQLP

exports[`Component LoginPage Component rendered correctly 1`] = `
"<div className=\\"jumbotron\\">
  <p>
    Login to see secret page!
  </p>
  <button className=\\"btn btn-primary\\" onClick={[Function: mockConstructor]}>
    Login
  </button>
</div>"
`;
